// Vitest Snapshot v1, https://vitest.dev/guide/snapshot.html

exports[`rolldown integration > prints included JSDoc in declaration files 1`] = `
"/**
 * Super test de la mort qui tue.
 * je test que le replace avec \`$\` ne bug plus.
 * ------------
 * \`\`\`ts
 * const hardCalc = 1 * 1000;
 * 
 * \`\`\`
 */
export declare function mySuperFunction(superArg: string): string;
"
`;
